../Drivers/CMSIS/Include/core_cm4.h:2064:26:ITM_SendChar	16	static,ignoring_inline_asm
../Core/Src/main.c:93:5:main	40	static
../Core/Src/main.c:222:6:SystemClock_Config	88	static
../Core/Src/main.c:270:13:MX_ADC1_Init	24	static
../Core/Src/main.c:322:13:MX_ADC2_Init	24	static
../Core/Src/main.c:374:13:MX_CAN1_Init	48	static
../Core/Src/main.c:442:13:MX_DAC_Init	16	static
../Core/Src/main.c:489:13:MX_USART2_UART_Init	8	static
../Core/Src/main.c:522:13:MX_GPIO_Init	48	static
../Core/Src/main.c:555:5:_write	32	static
../Core/Src/main.c:567:6:HAL_CAN_ErrorCallback	24	static
../Core/Src/main.c:597:6:CAN_Send	56	static
../Core/Src/main.c:617:6:HAL_CAN_RxFifo0MsgPendingCallback	16	static
../Core/Src/main.c:630:6:Error_Handler	4	static,ignoring_inline_asm
